<html>
<body>
<pre>
<h1>µVision Build Log</h1>
<h2>Tool Versions:</h2>
IDE-Version: µVision V5.35.0.0
Copyright (C) 2021 ARM Ltd and ARM Germany GmbH. All rights reserved.
License Information: aaa greatreyhan, aaaa, LIC=----
 
Tool Versions:
Toolchain:       MDK-Lite  Version: 5.35.0.2
Toolchain Path:  C:\Keil_v5\ARM\ARMCC\Bin
C Compiler:      Armcc.exe V5.06 update 7 (build 960)
Assembler:       Armasm.exe V5.06 update 7 (build 960)
Linker/Locator:  ArmLink.exe V5.06 update 7 (build 960)
Library Manager: ArmAr.exe V5.06 update 7 (build 960)
Hex Converter:   FromElf.exe V5.06 update 7 (build 960)
CPU DLL:         SARMCM3.DLL V5.35.0.2
Dialog DLL:      DCM.DLL V1.17.3.0
Target DLL:      STLink\ST-LINKIII-KEIL_SWO.dll V3.0.9.0
Dialog DLL:      TCM.DLL V1.53.0.0
 
<h2>Project:</h2>
D:\STM32\New Academy\Dynamixel_NO_TTL\MDK-ARM\Dynamixel_NO_TTL.uvprojx
Project File Date:  03/09/2023

<h2>Output:</h2>
*** Using Compiler 'V5.06 update 7 (build 960)', folder: 'C:\Keil_v5\ARM\ARMCC\Bin'
Build target 'Dynamixel_NO_TTL'
assembling startup_stm32f407xx.s...
compiling stm32f4xx_it.c...
compiling main.c...
../Core/Src/main.c(92): warning:  #177-D: variable "setID"  was declared but never referenced
  	uint8_t setID[8] = {0xFF, 0xFF, 0xFE, 0x04, 0x03, 0x03, 0x01,0xF6};
../Core/Src/main.c(93): warning:  #177-D: variable "readTemp"  was declared but never referenced
  	uint8_t readTemp[8] = {0xFF, 0xFF, 0x01, 0x04, 0x02, 0x2B, 0x01, 0xCC}; // 7 byte feedback
../Core/Src/main.c(94): warning:  #177-D: variable "ping_ID_1"  was declared but never referenced
  	uint8_t ping_ID_1[6] = {0xFF, 0xFF, 0x01, 0x02, 0x01, 0xFB}; // 6 byte feedback
../Core/Src/main.c(95): warning:  #177-D: variable "ping_broadcast"  was declared but never referenced
  	uint8_t ping_broadcast[6] = {0xFF, 0xFF, 0xFE, 0x02, 0x01, 0xFE}; // 6 byte feedback
../Core/Src/main.c(96): warning:  #177-D: variable "LED_and_move"  was declared but never referenced
  	uint8_t LED_and_move[9] = {0xFF, 0xFF, 0x00, 0x05, 0x03, 0x18, 0x01, 0x01, 0xDD}; // 6 byte feedback
../Core/Src/main.c: 5 warnings, 0 errors
compiling stm32f4xx_hal_msp.c...
compiling stm32f4xx_hal_tim.c...
compiling stm32f4xx_hal_tim_ex.c...
compiling stm32f4xx_hal_uart.c...
compiling stm32f4xx_hal_rcc_ex.c...
compiling stm32f4xx_hal_rcc.c...
compiling stm32f4xx_hal_flash.c...
compiling stm32f4xx_hal_flash_ramfunc.c...
compiling stm32f4xx_hal_flash_ex.c...
compiling stm32f4xx_hal_gpio.c...
compiling stm32f4xx_hal_dma.c...
compiling stm32f4xx_hal_dma_ex.c...
compiling stm32f4xx_hal_pwr.c...
compiling stm32f4xx_hal_pwr_ex.c...
compiling stm32f4xx_hal_cortex.c...
compiling stm32f4xx_hal.c...
compiling system_stm32f4xx.c...
compiling stm32f4xx_hal_exti.c...
linking...
Program Size: Code=4298 RO-data=450 RW-data=24 ZI-data=1704  
FromELF: creating hex file...
"Dynamixel_NO_TTL\Dynamixel_NO_TTL.axf" - 0 Error(s), 5 Warning(s).

<h2>Software Packages used:</h2>

Package Vendor: ARM
                http://www.keil.com/pack/ARM.CMSIS.5.9.0.pack
                ARM.CMSIS.5.9.0
                CMSIS (Common Microcontroller Software Interface Standard)
   * Component: CORE Version: 5.6.0

Package Vendor: Keil
                http://www.keil.com/pack/Keil.STM32F4xx_DFP.2.16.0.pack
                Keil.STM32F4xx_DFP.2.16.0
                STMicroelectronics STM32F4 Series Device Support, Drivers and Examples

<h2>Collection of Component include folders:</h2>
  .\RTE\_Dynamixel_NO_TTL
  C:\Users\greatreyhan\AppData\Local\Arm\Packs\ARM\CMSIS\5.9.0\CMSIS\Core\Include
  C:\Users\greatreyhan\AppData\Local\Arm\Packs\Keil\STM32F4xx_DFP\2.16.0\Drivers\CMSIS\Device\ST\STM32F4xx\Include

<h2>Collection of Component Files used:</h2>

   * Component: ARM::CMSIS:CORE:5.6.0
      Include file:  CMSIS\Core\Include\tz_context.h
Build Time Elapsed:  00:00:41
</pre>
</body>
</html>
